// Jest Snapshot v1, https://goo.gl/fbAQLP

exports[`<Home /> Abrir pagina Home correta 1`] = `
<custom-header-stub></custom-header-stub>
<contact-stub></contact-stub>
<div class="flex justify-center py-10 bg-brand-gray">
  <p class="font-medium text-gray-800 text-center">feedbacker Â© 2021</p>
</div>
`;
